  正在确定要还原的项目…
  已还原 g:\DeviceLink\devices\DeviceLink.Device.ConST326EX\DeviceLink.Device.ConST326EX.csproj (用时 561 毫秒)。
  已还原 G:\DeviceLink\core\DeviceLink.DataLink\DeviceLink.DataLink.csproj (用时 543 毫秒)。
  已还原 g:\DeviceLink\tests\DeviceLink.Tests.ZQWL\DeviceLink.Tests.ZQWL.csproj (用时 631 毫秒)。
  已还原 g:\DeviceLink\tests\DeviceLink.Tests\DeviceLink.Tests.csproj (用时 632 毫秒)。
  已还原 g:\DeviceLink\devices\DeviceLink.Device.UMC1200\DeviceLink.Device.UMC1200.csproj (用时 42 毫秒)。
  已还原 g:\DeviceLink\core\DeviceLink.DeviceBase\DeviceLink.DeviceBase.csproj (用时 28 毫秒)。
  已还原 g:\DeviceLink\core\DeviceLink.Pipeline\DeviceLink.Pipeline.csproj (用时 30 毫秒)。
  已还原 g:\DeviceLink\tests\DeviceLink.Tests.ConST860\DeviceLink.Tests.ConST860.csproj (用时 36 毫秒)。
  已还原 g:\DeviceLink\devices\DeviceLink.Device.ConST860\DeviceLink.Device.ConST860.csproj (用时 37 毫秒)。
  已还原 g:\DeviceLink\devices\DeviceLink.Device.ZQWL\DeviceLink.Device.ZQWL.csproj (用时 32 毫秒)。
  已还原 g:\DeviceLink\devices\DeviceLink.Device.DPSEX\DeviceLink.Device.DPSEX.csproj (用时 28 毫秒)。
  已还原 G:\DeviceLink\core\DeviceLink.Session\DeviceLink.Session.csproj (用时 41 毫秒)。
  2 个项目(共 14 个)是最新的，无法还原。
g:\DeviceLink\core\DeviceLink.Transport\Implementations\BluetoothTransport.cs(20,17): error CS0246: 未能找到类型或命名空间名“NetworkStream”(是否缺少 using 指令或程序集引用?) [g:\DeviceLink\core\DeviceLink.Transport\DeviceLink.Transport.csproj::TargetFramework=netstandard2.0]
  DeviceLink.Protocol -> g:\DeviceLink\core\DeviceLink.Protocol\bin\Debug\netstandard2.0\DeviceLink.Protocol.dll
  DeviceLink.Protocol -> g:\DeviceLink\core\DeviceLink.Protocol\bin\Debug\net6.0\DeviceLink.Protocol.dll
g:\DeviceLink\core\DeviceLink.Transport\Implementations\BluetoothTransport.cs(20,17): error CS0246: 未能找到类型或命名空间名“NetworkStream”(是否缺少 using 指令或程序集引用?) [g:\DeviceLink\core\DeviceLink.Transport\DeviceLink.Transport.csproj::TargetFramework=net6.0]

生成失败。

g:\DeviceLink\core\DeviceLink.Transport\Implementations\BluetoothTransport.cs(20,17): error CS0246: 未能找到类型或命名空间名“NetworkStream”(是否缺少 using 指令或程序集引用?) [g:\DeviceLink\core\DeviceLink.Transport\DeviceLink.Transport.csproj::TargetFramework=netstandard2.0]
g:\DeviceLink\core\DeviceLink.Transport\Implementations\BluetoothTransport.cs(20,17): error CS0246: 未能找到类型或命名空间名“NetworkStream”(是否缺少 using 指令或程序集引用?) [g:\DeviceLink\core\DeviceLink.Transport\DeviceLink.Transport.csproj::TargetFramework=net6.0]
    0 个警告
    2 个错误

已用时间 00:00:33.75

有可用的工作负载更新。有关详细信息，请运行 `dotnet workload list`。
