  DeviceLink.Transport -> g:\DeviceLink\core\DeviceLink.Transport\bin\Debug\net6.0\DeviceLink.Transport.dll
  DeviceLink.DataLink -> g:\DeviceLink\core\DeviceLink.DataLink\bin\Debug\net6.0\DeviceLink.DataLink.dll
  DeviceLink.Session -> g:\DeviceLink\core\DeviceLink.Session\bin\Debug\net6.0\DeviceLink.Session.dll
  DeviceLink.Protocol -> g:\DeviceLink\core\DeviceLink.Protocol\bin\Debug\net6.0\DeviceLink.Protocol.dll
  DeviceLink.Pipeline -> g:\DeviceLink\core\DeviceLink.Pipeline\bin\Debug\net6.0\DeviceLink.Pipeline.dll
  DeviceLink.DeviceBase -> g:\DeviceLink\core\DeviceLink.DeviceBase\bin\Debug\net6.0\DeviceLink.DeviceBase.dll
  DeviceLink.Device.PS02 -> g:\DeviceLink\devices\DeviceLink.Device.PS02\bin\Debug\net6.0\DeviceLink.Device.PS02.dll
  DeviceLink.Tests.PS02 -> g:\DeviceLink\tests\DeviceLink.Tests.PS02\bin\Debug\net6.0\DeviceLink.Tests.PS02.dll
g:\DeviceLink\tests\DeviceLink.Tests.PS02\bin\Debug\net6.0\DeviceLink.Tests.PS02.dll (.NETCoreApp,Version=v6.0)的测试运行
VSTest 版本 17.14.1 (x64)

正在启动测试执行，请稍候...
总共 1 个测试文件与指定模式相匹配。
[xUnit.net 00:00:06.43]     DeviceLink.Tests.PS02.PS02Tests.GetPressureAsync_ShouldReturnPressure [FAIL]
  失败 DeviceLink.Tests.PS02.PS02Tests.GetPressureAsync_ShouldReturnPressure [5 s]
  错误消息:
   DeviceLink.Session.SessionException : 请求失败: 接收超时或未收到有效数据
---- DeviceLink.DataLink.FrameTimeoutException : 接收超时或未收到有效数据
  堆栈跟踪:
     at DeviceLink.Session.DirectSession.SendAndReceiveAsync(Byte[] request, CancellationToken ct) in g:\DeviceLink\core\DeviceLink.Session\Implementations\DirectSession.cs:line 98
   at DeviceLink.Device.PS02.PS02Base.SendAsync(Command command, CancellationToken ct) in g:\DeviceLink\devices\DeviceLink.Device.PS02\PS02Base.cs:line 154
   at DeviceLink.DeviceBase.DeviceBase.SendForResultAsync[T](Command command, Func`2 decoder, CancellationToken ct) in g:\DeviceLink\core\DeviceLink.DeviceBase\DeviceBase.cs:line 431
   at DeviceLink.Device.PS02.PS02Base.GetPressureAsync(CancellationToken ct) in g:\DeviceLink\devices\DeviceLink.Device.PS02\PS02Base.cs:line 297
   at DeviceLink.Tests.PS02.PS02Tests.GetPressureAsync_ShouldReturnPressure() in g:\DeviceLink\tests\DeviceLink.Tests.PS02\PS02Tests.cs:line 148
--- End of stack trace from previous location ---
----- Inner Stack Trace -----
   at DeviceLink.DataLink.DirectDataLink.SendAndReceiveFrameAsync(Byte[] frameData, CancellationToken ct) in g:\DeviceLink\core\DeviceLink.DataLink\Implementations\DirectDataLink.cs:line 141
   at DeviceLink.Session.DirectSession.SendAndReceiveAsync(Byte[] request, CancellationToken ct) in g:\DeviceLink\core\DeviceLink.Session\Implementations\DirectSession.cs:line 83
[xUnit.net 00:00:48.26]     DeviceLink.Tests.PS02.PS02SerialTests.Serial_GetHardwareVersion_ShouldReturnNonEmpty [FAIL]
  失败 DeviceLink.Tests.PS02.PS02SerialTests.Serial_GetHardwareVersion_ShouldReturnNonEmpty [47 s]
  错误消息:
   DeviceLink.Session.SessionException : 请求失败: 接收超时或未收到有效数据
---- DeviceLink.DataLink.FrameTimeoutException : 接收超时或未收到有效数据
  堆栈跟踪:
     at DeviceLink.Session.DirectSession.SendAndReceiveAsync(Byte[] request, CancellationToken ct) in g:\DeviceLink\core\DeviceLink.Session\Implementations\DirectSession.cs:line 98
   at DeviceLink.Device.PS02.PS02Base.SendAsync(Command command, CancellationToken ct) in g:\DeviceLink\devices\DeviceLink.Device.PS02\PS02Base.cs:line 154
   at DeviceLink.DeviceBase.DeviceBase.SendForResultAsync[T](Command command, Func`2 decoder, CancellationToken ct) in g:\DeviceLink\core\DeviceLink.DeviceBase\DeviceBase.cs:line 431
   at DeviceLink.Device.PS02.PS02Base.GetHardwareVersionAsync(CancellationToken ct) in g:\DeviceLink\devices\DeviceLink.Device.PS02\PS02Base.cs:line 425
   at DeviceLink.Tests.PS02.PS02SerialTests.Serial_GetHardwareVersion_ShouldReturnNonEmpty() in g:\DeviceLink\tests\DeviceLink.Tests.PS02\PS02SerialTests.cs:line 287
   at DeviceLink.Tests.PS02.PS02SerialTests.Serial_GetHardwareVersion_ShouldReturnNonEmpty() in g:\DeviceLink\tests\DeviceLink.Tests.PS02\PS02SerialTests.cs:line 295
--- End of stack trace from previous location ---
----- Inner Stack Trace -----
   at DeviceLink.DataLink.DirectDataLink.SendAndReceiveFrameAsync(Byte[] frameData, CancellationToken ct) in g:\DeviceLink\core\DeviceLink.DataLink\Implementations\DirectDataLink.cs:line 141
   at DeviceLink.Session.DirectSession.SendAndReceiveAsync(Byte[] request, CancellationToken ct) in g:\DeviceLink\core\DeviceLink.Session\Implementations\DirectSession.cs:line 83
  标准输出消息:
 串口配置: COM101, 9600bps, 从站地址: 1
 设备已成功打开
 设备已关闭


[xUnit.net 00:01:35.27]     DeviceLink.Tests.PS02.PS02SerialTests.Serial_GetPressureType_ShouldReturnValidType [FAIL]
  失败 DeviceLink.Tests.PS02.PS02SerialTests.Serial_GetPressureType_ShouldReturnValidType [47 s]
  错误消息:
   DeviceLink.Session.SessionException : 请求失败: 接收超时或未收到有效数据
---- DeviceLink.DataLink.FrameTimeoutException : 接收超时或未收到有效数据
  堆栈跟踪:
     at DeviceLink.Session.DirectSession.SendAndReceiveAsync(Byte[] request, CancellationToken ct) in g:\DeviceLink\core\DeviceLink.Session\Implementations\DirectSession.cs:line 98
   at DeviceLink.Device.PS02.PS02Base.SendAsync(Command command, CancellationToken ct) in g:\DeviceLink\devices\DeviceLink.Device.PS02\PS02Base.cs:line 154
   at DeviceLink.DeviceBase.DeviceBase.SendForResultAsync[T](Command command, Func`2 decoder, CancellationToken ct) in g:\DeviceLink\core\DeviceLink.DeviceBase\DeviceBase.cs:line 431
   at DeviceLink.Device.PS02.PS02Base.GetPressureTypeAsync(CancellationToken ct) in g:\DeviceLink\devices\DeviceLink.Device.PS02\PS02Base.cs:line 361
   at DeviceLink.Tests.PS02.PS02SerialTests.Serial_GetPressureType_ShouldReturnValidType() in g:\DeviceLink\tests\DeviceLink.Tests.PS02\PS02SerialTests.cs:line 554
   at DeviceLink.Tests.PS02.PS02SerialTests.Serial_GetPressureType_ShouldReturnValidType() in g:\DeviceLink\tests\DeviceLink.Tests.PS02\PS02SerialTests.cs:line 564
--- End of stack trace from previous location ---
----- Inner Stack Trace -----
   at DeviceLink.DataLink.DirectDataLink.SendAndReceiveFrameAsync(Byte[] frameData, CancellationToken ct) in g:\DeviceLink\core\DeviceLink.DataLink\Implementations\DirectDataLink.cs:line 141
   at DeviceLink.Session.DirectSession.SendAndReceiveAsync(Byte[] request, CancellationToken ct) in g:\DeviceLink\core\DeviceLink.Session\Implementations\DirectSession.cs:line 83
  标准输出消息:
 串口配置: COM101, 9600bps, 从站地址: 1
 设备已成功打开
 设备已关闭


[xUnit.net 00:02:22.32]     DeviceLink.Tests.PS02.PS02SerialTests.Serial_GetPressure_ShouldReturnValue [FAIL]
  失败 DeviceLink.Tests.PS02.PS02SerialTests.Serial_GetPressure_ShouldReturnValue [47 s]
  错误消息:
   DeviceLink.Session.SessionException : 请求失败: 接收超时或未收到有效数据
---- DeviceLink.DataLink.FrameTimeoutException : 接收超时或未收到有效数据
  堆栈跟踪:
     at DeviceLink.Session.DirectSession.SendAndReceiveAsync(Byte[] request, CancellationToken ct) in g:\DeviceLink\core\DeviceLink.Session\Implementations\DirectSession.cs:line 98
   at DeviceLink.Device.PS02.PS02Base.SendAsync(Command command, CancellationToken ct) in g:\DeviceLink\devices\DeviceLink.Device.PS02\PS02Base.cs:line 154
   at DeviceLink.DeviceBase.DeviceBase.SendForResultAsync[T](Command command, Func`2 decoder, CancellationToken ct) in g:\DeviceLink\core\DeviceLink.DeviceBase\DeviceBase.cs:line 431
   at DeviceLink.Device.PS02.PS02Base.GetPressureAsync(CancellationToken ct) in g:\DeviceLink\devices\DeviceLink.Device.PS02\PS02Base.cs:line 297
   at DeviceLink.Tests.PS02.PS02SerialTests.Serial_GetPressure_ShouldReturnValue() in g:\DeviceLink\tests\DeviceLink.Tests.PS02\PS02SerialTests.cs:line 458
   at DeviceLink.Tests.PS02.PS02SerialTests.Serial_GetPressure_ShouldReturnValue() in g:\DeviceLink\tests\DeviceLink.Tests.PS02\PS02SerialTests.cs:line 475
--- End of stack trace from previous location ---
----- Inner Stack Trace -----
   at DeviceLink.DataLink.DirectDataLink.SendAndReceiveFrameAsync(Byte[] frameData, CancellationToken ct) in g:\DeviceLink\core\DeviceLink.DataLink\Implementations\DirectDataLink.cs:line 141
   at DeviceLink.Session.DirectSession.SendAndReceiveAsync(Byte[] request, CancellationToken ct) in g:\DeviceLink\core\DeviceLink.Session\Implementations\DirectSession.cs:line 83
  标准输出消息:
 串口配置: COM101, 9600bps, 从站地址: 1
 设备已成功打开
 设备已关闭


[xUnit.net 00:03:09.40]     DeviceLink.Tests.PS02.PS02SerialTests.Serial_ReadRegister_ShouldReturnValue [FAIL]
  失败 DeviceLink.Tests.PS02.PS02SerialTests.Serial_ReadRegister_ShouldReturnValue [47 s]
  错误消息:
   DeviceLink.Session.SessionException : 请求失败: 接收超时或未收到有效数据
---- DeviceLink.DataLink.FrameTimeoutException : 接收超时或未收到有效数据
  堆栈跟踪:
     at DeviceLink.Session.DirectSession.SendAndReceiveAsync(Byte[] request, CancellationToken ct) in g:\DeviceLink\core\DeviceLink.Session\Implementations\DirectSession.cs:line 98
   at DeviceLink.Device.PS02.PS02Base.SendAsync(Command command, CancellationToken ct) in g:\DeviceLink\devices\DeviceLink.Device.PS02\PS02Base.cs:line 154
   at DeviceLink.DeviceBase.DeviceBase.SendForResultAsync[T](Command command, Func`2 decoder, CancellationToken ct) in g:\DeviceLink\core\DeviceLink.DeviceBase\DeviceBase.cs:line 431
   at DeviceLink.Device.PS02.PS02Base.ReadRegisterAsync(UInt16 registerAddress, CancellationToken ct) in g:\DeviceLink\devices\DeviceLink.Device.PS02\PS02Base.cs:line 229
   at DeviceLink.Tests.PS02.PS02SerialTests.Serial_ReadRegister_ShouldReturnValue() in g:\DeviceLink\tests\DeviceLink.Tests.PS02\PS02SerialTests.cs:line 690
   at DeviceLink.Tests.PS02.PS02SerialTests.Serial_ReadRegister_ShouldReturnValue() in g:\DeviceLink\tests\DeviceLink.Tests.PS02\PS02SerialTests.cs:line 698
--- End of stack trace from previous location ---
----- Inner Stack Trace -----
   at DeviceLink.DataLink.DirectDataLink.SendAndReceiveFrameAsync(Byte[] frameData, CancellationToken ct) in g:\DeviceLink\core\DeviceLink.DataLink\Implementations\DirectDataLink.cs:line 141
   at DeviceLink.Session.DirectSession.SendAndReceiveAsync(Byte[] request, CancellationToken ct) in g:\DeviceLink\core\DeviceLink.Session\Implementations\DirectSession.cs:line 83
  标准输出消息:
 串口配置: COM101, 9600bps, 从站地址: 1
 设备已成功打开
 设备已关闭


[xUnit.net 00:03:56.48]     DeviceLink.Tests.PS02.PS02SerialTests.Serial_GetPressureF40_ShouldReturnValue [FAIL]
  失败 DeviceLink.Tests.PS02.PS02SerialTests.Serial_GetPressureF40_ShouldReturnValue [47 s]
  错误消息:
   DeviceLink.Session.SessionException : 请求失败: 接收超时或未收到有效数据
---- DeviceLink.DataLink.FrameTimeoutException : 接收超时或未收到有效数据
  堆栈跟踪:
     at DeviceLink.Session.DirectSession.SendAndReceiveAsync(Byte[] request, CancellationToken ct) in g:\DeviceLink\core\DeviceLink.Session\Implementations\DirectSession.cs:line 98
   at DeviceLink.Device.PS02.PS02Base.SendAsync(Command command, CancellationToken ct) in g:\DeviceLink\devices\DeviceLink.Device.PS02\PS02Base.cs:line 154
   at DeviceLink.DeviceBase.DeviceBase.SendForResultAsync[T](Command command, Func`2 decoder, CancellationToken ct) in g:\DeviceLink\core\DeviceLink.DeviceBase\DeviceBase.cs:line 431
   at DeviceLink.Device.PS02.PS02Base.GetPressureF40Async(CancellationToken ct) in g:\DeviceLink\devices\DeviceLink.Device.PS02\PS02Base.cs:line 310
   at DeviceLink.Tests.PS02.PS02SerialTests.Serial_GetPressureF40_ShouldReturnValue() in g:\DeviceLink\tests\DeviceLink.Tests.PS02\PS02SerialTests.cs:line 492
   at DeviceLink.Tests.PS02.PS02SerialTests.Serial_GetPressureF40_ShouldReturnValue() in g:\DeviceLink\tests\DeviceLink.Tests.PS02\PS02SerialTests.cs:line 508
--- End of stack trace from previous location ---
----- Inner Stack Trace -----
   at DeviceLink.DataLink.DirectDataLink.SendAndReceiveFrameAsync(Byte[] frameData, CancellationToken ct) in g:\DeviceLink\core\DeviceLink.DataLink\Implementations\DirectDataLink.cs:line 141
   at DeviceLink.Session.DirectSession.SendAndReceiveAsync(Byte[] request, CancellationToken ct) in g:\DeviceLink\core\DeviceLink.Session\Implementations\DirectSession.cs:line 83
  标准输出消息:
 串口配置: COM101, 9600bps, 从站地址: 1
 设备已成功打开
 设备已关闭


[xUnit.net 00:04:44.12]     DeviceLink.Tests.PS02.PS02SerialTests.Serial_GetSerialNumber_ShouldReturnNonEmpty [FAIL]
  失败 DeviceLink.Tests.PS02.PS02SerialTests.Serial_GetSerialNumber_ShouldReturnNonEmpty [46 s]
  错误消息:
   DeviceLink.Session.SessionException : 请求失败: 接收超时或未收到有效数据
---- DeviceLink.DataLink.FrameTimeoutException : 接收超时或未收到有效数据
  堆栈跟踪:
     at DeviceLink.Session.DirectSession.SendAndReceiveAsync(Byte[] request, CancellationToken ct) in g:\DeviceLink\core\DeviceLink.Session\Implementations\DirectSession.cs:line 98
   at DeviceLink.Device.PS02.PS02Base.SendAsync(Command command, CancellationToken ct) in g:\DeviceLink\devices\DeviceLink.Device.PS02\PS02Base.cs:line 154
   at DeviceLink.DeviceBase.DeviceBase.SendForResultAsync[T](Command command, Func`2 decoder, CancellationToken ct) in g:\DeviceLink\core\DeviceLink.DeviceBase\DeviceBase.cs:line 431
   at DeviceLink.Device.PS02.PS02Base.GetSerialNumberAsync(CancellationToken ct) in g:\DeviceLink\devices\DeviceLink.Device.PS02\PS02Base.cs:line 328
   at DeviceLink.Tests.PS02.PS02SerialTests.Serial_GetSerialNumber_ShouldReturnNonEmpty() in g:\DeviceLink\tests\DeviceLink.Tests.PS02\PS02SerialTests.cs:line 214
   at DeviceLink.Tests.PS02.PS02SerialTests.Serial_GetSerialNumber_ShouldReturnNonEmpty() in g:\DeviceLink\tests\DeviceLink.Tests.PS02\PS02SerialTests.cs:line 223
--- End of stack trace from previous location ---
----- Inner Stack Trace -----
   at DeviceLink.DataLink.DirectDataLink.SendAndReceiveFrameAsync(Byte[] frameData, CancellationToken ct) in g:\DeviceLink\core\DeviceLink.DataLink\Implementations\DirectDataLink.cs:line 141
   at DeviceLink.Session.DirectSession.SendAndReceiveAsync(Byte[] request, CancellationToken ct) in g:\DeviceLink\core\DeviceLink.Session\Implementations\DirectSession.cs:line 83
  标准输出消息:
 串口配置: COM101, 9600bps, 从站地址: 1
 设备已成功打开
 设备已关闭


[xUnit.net 00:05:31.12]     DeviceLink.Tests.PS02.PS02SerialTests.Serial_ReadRegisters_ShouldReturnMultipleValues [FAIL]
  失败 DeviceLink.Tests.PS02.PS02SerialTests.Serial_ReadRegisters_ShouldReturnMultipleValues [47 s]
  错误消息:
   DeviceLink.Session.SessionException : 请求失败: 接收超时或未收到有效数据
---- DeviceLink.DataLink.FrameTimeoutException : 接收超时或未收到有效数据
  堆栈跟踪:
     at DeviceLink.Session.DirectSession.SendAndReceiveAsync(Byte[] request, CancellationToken ct) in g:\DeviceLink\core\DeviceLink.Session\Implementations\DirectSession.cs:line 98
   at DeviceLink.Device.PS02.PS02Base.SendAsync(Command command, CancellationToken ct) in g:\DeviceLink\devices\DeviceLink.Device.PS02\PS02Base.cs:line 154
   at DeviceLink.DeviceBase.DeviceBase.SendForResultAsync[T](Command command, Func`2 decoder, CancellationToken ct) in g:\DeviceLink\core\DeviceLink.DeviceBase\DeviceBase.cs:line 431
   at DeviceLink.Device.PS02.PS02Base.ReadRegistersAsync(UInt16 startAddress, UInt16 count, CancellationToken ct) in g:\DeviceLink\devices\DeviceLink.Device.PS02\PS02Base.cs:line 248
   at DeviceLink.Tests.PS02.PS02SerialTests.Serial_ReadRegisters_ShouldReturnMultipleValues() in g:\DeviceLink\tests\DeviceLink.Tests.PS02\PS02SerialTests.cs:line 716
   at DeviceLink.Tests.PS02.PS02SerialTests.Serial_ReadRegisters_ShouldReturnMultipleValues() in g:\DeviceLink\tests\DeviceLink.Tests.PS02\PS02SerialTests.cs:line 729
--- End of stack trace from previous location ---
----- Inner Stack Trace -----
   at DeviceLink.DataLink.DirectDataLink.SendAndReceiveFrameAsync(Byte[] frameData, CancellationToken ct) in g:\DeviceLink\core\DeviceLink.DataLink\Implementations\DirectDataLink.cs:line 141
   at DeviceLink.Session.DirectSession.SendAndReceiveAsync(Byte[] request, CancellationToken ct) in g:\DeviceLink\core\DeviceLink.Session\Implementations\DirectSession.cs:line 83
  标准输出消息:
 串口配置: COM101, 9600bps, 从站地址: 1
 设备已成功打开
 设备已关闭


[xUnit.net 00:06:18.18]     DeviceLink.Tests.PS02.PS02SerialTests.Serial_GetFirmwareVersion_ShouldReturnNonEmpty [FAIL]
  失败 DeviceLink.Tests.PS02.PS02SerialTests.Serial_GetFirmwareVersion_ShouldReturnNonEmpty [47 s]
  错误消息:
   DeviceLink.Session.SessionException : 请求失败: 接收超时或未收到有效数据
---- DeviceLink.DataLink.FrameTimeoutException : 接收超时或未收到有效数据
  堆栈跟踪:
     at DeviceLink.Session.DirectSession.SendAndReceiveAsync(Byte[] request, CancellationToken ct) in g:\DeviceLink\core\DeviceLink.Session\Implementations\DirectSession.cs:line 98
   at DeviceLink.Device.PS02.PS02Base.SendAsync(Command command, CancellationToken ct) in g:\DeviceLink\devices\DeviceLink.Device.PS02\PS02Base.cs:line 154
   at DeviceLink.DeviceBase.DeviceBase.SendForResultAsync[T](Command command, Func`2 decoder, CancellationToken ct) in g:\DeviceLink\core\DeviceLink.DeviceBase\DeviceBase.cs:line 431
   at DeviceLink.Device.PS02.PS02Base.GetFirmwareVersionAsync(CancellationToken ct) in g:\DeviceLink\devices\DeviceLink.Device.PS02\PS02Base.cs:line 411
   at DeviceLink.Tests.PS02.PS02SerialTests.Serial_GetFirmwareVersion_ShouldReturnNonEmpty() in g:\DeviceLink\tests\DeviceLink.Tests.PS02\PS02SerialTests.cs:line 262
   at DeviceLink.Tests.PS02.PS02SerialTests.Serial_GetFirmwareVersion_ShouldReturnNonEmpty() in g:\DeviceLink\tests\DeviceLink.Tests.PS02\PS02SerialTests.cs:line 270
--- End of stack trace from previous location ---
----- Inner Stack Trace -----
   at DeviceLink.DataLink.DirectDataLink.SendAndReceiveFrameAsync(Byte[] frameData, CancellationToken ct) in g:\DeviceLink\core\DeviceLink.DataLink\Implementations\DirectDataLink.cs:line 141
   at DeviceLink.Session.DirectSession.SendAndReceiveAsync(Byte[] request, CancellationToken ct) in g:\DeviceLink\core\DeviceLink.Session\Implementations\DirectSession.cs:line 83
  标准输出消息:
 串口配置: COM101, 9600bps, 从站地址: 1
 设备已成功打开
 设备已关闭


[xUnit.net 00:07:05.41]     DeviceLink.Tests.PS02.PS02SerialTests.Serial_TestConnection_ShouldReturnTrue [FAIL]
  失败 DeviceLink.Tests.PS02.PS02SerialTests.Serial_TestConnection_ShouldReturnTrue [47 s]
  错误消息:
   DeviceLink.Session.SessionException : 请求失败: 接收超时或未收到有效数据
---- DeviceLink.DataLink.FrameTimeoutException : 接收超时或未收到有效数据
  堆栈跟踪:
     at DeviceLink.Session.DirectSession.SendAndReceiveAsync(Byte[] request, CancellationToken ct) in g:\DeviceLink\core\DeviceLink.Session\Implementations\DirectSession.cs:line 98
   at DeviceLink.Device.PS02.PS02Base.SendAsync(Command command, CancellationToken ct) in g:\DeviceLink\devices\DeviceLink.Device.PS02\PS02Base.cs:line 154
   at DeviceLink.DeviceBase.DeviceBase.SendForResultAsync[T](Command command, Func`2 decoder, CancellationToken ct) in g:\DeviceLink\core\DeviceLink.DeviceBase\DeviceBase.cs:line 431
   at DeviceLink.Device.PS02.PS02Base.GetModuleTypeAsync(CancellationToken ct) in g:\DeviceLink\devices\DeviceLink.Device.PS02\PS02Base.cs:line 438
   at DeviceLink.Tests.PS02.PS02SerialTests.Serial_TestConnection_ShouldReturnTrue() in g:\DeviceLink\tests\DeviceLink.Tests.PS02\PS02SerialTests.cs:line 184
   at DeviceLink.Tests.PS02.PS02SerialTests.Serial_TestConnection_ShouldReturnTrue() in g:\DeviceLink\tests\DeviceLink.Tests.PS02\PS02SerialTests.cs:line 193
--- End of stack trace from previous location ---
----- Inner Stack Trace -----
   at DeviceLink.DataLink.DirectDataLink.SendAndReceiveFrameAsync(Byte[] frameData, CancellationToken ct) in g:\DeviceLink\core\DeviceLink.DataLink\Implementations\DirectDataLink.cs:line 141
   at DeviceLink.Session.DirectSession.SendAndReceiveAsync(Byte[] request, CancellationToken ct) in g:\DeviceLink\core\DeviceLink.Session\Implementations\DirectSession.cs:line 83
  标准输出消息:
 串口配置: COM101, 9600bps, 从站地址: 1
 设备已成功打开
 设备已关闭


[xUnit.net 00:07:52.32]     DeviceLink.Tests.PS02.PS02SerialTests.Serial_GetIdentification_ShouldReturnAllInfo [FAIL]
  失败 DeviceLink.Tests.PS02.PS02SerialTests.Serial_GetIdentification_ShouldReturnAllInfo [46 s]
  错误消息:
   DeviceLink.Session.SessionException : 请求失败: 接收超时或未收到有效数据
---- DeviceLink.DataLink.FrameTimeoutException : 接收超时或未收到有效数据
  堆栈跟踪:
     at DeviceLink.Session.DirectSession.SendAndReceiveAsync(Byte[] request, CancellationToken ct) in g:\DeviceLink\core\DeviceLink.Session\Implementations\DirectSession.cs:line 98
   at DeviceLink.Device.PS02.PS02Base.SendAsync(Command command, CancellationToken ct) in g:\DeviceLink\devices\DeviceLink.Device.PS02\PS02Base.cs:line 154
   at DeviceLink.DeviceBase.DeviceBase.SendForResultAsync[T](Command command, Func`2 decoder, CancellationToken ct) in g:\DeviceLink\core\DeviceLink.DeviceBase\DeviceBase.cs:line 431
   at DeviceLink.Device.PS02.PS02Base.GetSerialNumberAsync(CancellationToken ct) in g:\DeviceLink\devices\DeviceLink.Device.PS02\PS02Base.cs:line 328
   at DeviceLink.Device.PS02.PS02Base.GetIdentificationAsync(CancellationToken ct) in g:\DeviceLink\devices\DeviceLink.Device.PS02\PS02Base.cs:line 456
   at DeviceLink.Tests.PS02.PS02SerialTests.Serial_GetIdentification_ShouldReturnAllInfo() in g:\DeviceLink\tests\DeviceLink.Tests.PS02\PS02SerialTests.cs:line 312
   at DeviceLink.Tests.PS02.PS02SerialTests.Serial_GetIdentification_ShouldReturnAllInfo() in g:\DeviceLink\tests\DeviceLink.Tests.PS02\PS02SerialTests.cs:line 326
--- End of stack trace from previous location ---
----- Inner Stack Trace -----
   at DeviceLink.DataLink.DirectDataLink.SendAndReceiveFrameAsync(Byte[] frameData, CancellationToken ct) in g:\DeviceLink\core\DeviceLink.DataLink\Implementations\DirectDataLink.cs:line 141
   at DeviceLink.Session.DirectSession.SendAndReceiveAsync(Byte[] request, CancellationToken ct) in g:\DeviceLink\core\DeviceLink.Session\Implementations\DirectSession.cs:line 83
  标准输出消息:
 串口配置: COM101, 9600bps, 从站地址: 1
 设备已成功打开
 设备已关闭


[xUnit.net 00:08:39.40]     DeviceLink.Tests.PS02.PS02SerialTests.Serial_GetPrecision_ShouldReturnValue [FAIL]
  失败 DeviceLink.Tests.PS02.PS02SerialTests.Serial_GetPrecision_ShouldReturnValue [47 s]
  错误消息:
   DeviceLink.Session.SessionException : 请求失败: 接收超时或未收到有效数据
---- DeviceLink.DataLink.FrameTimeoutException : 接收超时或未收到有效数据
  堆栈跟踪:
     at DeviceLink.Session.DirectSession.SendAndReceiveAsync(Byte[] request, CancellationToken ct) in g:\DeviceLink\core\DeviceLink.Session\Implementations\DirectSession.cs:line 98
   at DeviceLink.Device.PS02.PS02Base.SendAsync(Command command, CancellationToken ct) in g:\DeviceLink\devices\DeviceLink.Device.PS02\PS02Base.cs:line 154
   at DeviceLink.DeviceBase.DeviceBase.SendForResultAsync[T](Command command, Func`2 decoder, CancellationToken ct) in g:\DeviceLink\core\DeviceLink.DeviceBase\DeviceBase.cs:line 431
   at DeviceLink.Device.PS02.PS02Base.GetPrecisionAsync(CancellationToken ct) in g:\DeviceLink\devices\DeviceLink.Device.PS02\PS02Base.cs:line 342
   at DeviceLink.Tests.PS02.PS02SerialTests.Serial_GetPrecision_ShouldReturnValue() in g:\DeviceLink\tests\DeviceLink.Tests.PS02\PS02SerialTests.cs:line 529
   at DeviceLink.Tests.PS02.PS02SerialTests.Serial_GetPrecision_ShouldReturnValue() in g:\DeviceLink\tests\DeviceLink.Tests.PS02\PS02SerialTests.cs:line 537
--- End of stack trace from previous location ---
----- Inner Stack Trace -----
   at DeviceLink.DataLink.DirectDataLink.SendAndReceiveFrameAsync(Byte[] frameData, CancellationToken ct) in g:\DeviceLink\core\DeviceLink.DataLink\Implementations\DirectDataLink.cs:line 141
   at DeviceLink.Session.DirectSession.SendAndReceiveAsync(Byte[] request, CancellationToken ct) in g:\DeviceLink\core\DeviceLink.Session\Implementations\DirectSession.cs:line 83
  标准输出消息:
 串口配置: COM101, 9600bps, 从站地址: 1
 设备已成功打开
 设备已关闭


[xUnit.net 00:09:26.42]     DeviceLink.Tests.PS02.PS02SerialTests.Serial_SetMigrationRange_ShouldSucceed [FAIL]
  失败 DeviceLink.Tests.PS02.PS02SerialTests.Serial_SetMigrationRange_ShouldSucceed [47 s]
  错误消息:
   DeviceLink.Session.SessionException : 请求失败: 接收超时或未收到有效数据
---- DeviceLink.DataLink.FrameTimeoutException : 接收超时或未收到有效数据
  堆栈跟踪:
     at DeviceLink.Session.DirectSession.SendAndReceiveAsync(Byte[] request, CancellationToken ct) in g:\DeviceLink\core\DeviceLink.Session\Implementations\DirectSession.cs:line 98
   at DeviceLink.Device.PS02.PS02Base.SendAsync(Command command, CancellationToken ct) in g:\DeviceLink\devices\DeviceLink.Device.PS02\PS02Base.cs:line 154
   at DeviceLink.DeviceBase.DeviceBase.SendForResultAsync[T](Command command, Func`2 decoder, CancellationToken ct) in g:\DeviceLink\core\DeviceLink.DeviceBase\DeviceBase.cs:line 431
   at DeviceLink.Device.PS02.PS02Base.GetMigrationRangeAsync(CancellationToken ct) in g:\DeviceLink\devices\DeviceLink.Device.PS02\PS02Base.cs:line 382
   at DeviceLink.Tests.PS02.PS02SerialTests.Serial_SetMigrationRange_ShouldSucceed() in g:\DeviceLink\tests\DeviceLink.Tests.PS02\PS02SerialTests.cs:line 637
   at DeviceLink.Tests.PS02.PS02SerialTests.Serial_SetMigrationRange_ShouldSucceed() in g:\DeviceLink\tests\DeviceLink.Tests.PS02\PS02SerialTests.cs:line 668
--- End of stack trace from previous location ---
----- Inner Stack Trace -----
   at DeviceLink.DataLink.DirectDataLink.SendAndReceiveFrameAsync(Byte[] frameData, CancellationToken ct) in g:\DeviceLink\core\DeviceLink.DataLink\Implementations\DirectDataLink.cs:line 141
   at DeviceLink.Session.DirectSession.SendAndReceiveAsync(Byte[] request, CancellationToken ct) in g:\DeviceLink\core\DeviceLink.Session\Implementations\DirectSession.cs:line 83
  标准输出消息:
 串口配置: COM101, 9600bps, 从站地址: 1
 设备已成功打开
 设备已关闭


[xUnit.net 00:09:31.32]     DeviceLink.Tests.PS02.PS02SerialTests.Serial_GetModuleType_ShouldReturnValue [FAIL]
  失败 DeviceLink.Tests.PS02.PS02SerialTests.Serial_GetModuleType_ShouldReturnValue [485 ms]
  错误消息:
   模块类型应该大于0
Expected: True
Actual:   False
  堆栈跟踪:
     at DeviceLink.Tests.PS02.PS02SerialTests.Serial_GetModuleType_ShouldReturnValue() in g:\DeviceLink\tests\DeviceLink.Tests.PS02\PS02SerialTests.cs:line 584
   at DeviceLink.Tests.PS02.PS02SerialTests.Serial_GetModuleType_ShouldReturnValue() in g:\DeviceLink\tests\DeviceLink.Tests.PS02\PS02SerialTests.cs:line 589
--- End of stack trace from previous location ---
  标准输出消息:
 串口配置: COM101, 9600bps, 从站地址: 1
 设备已成功打开
 模块类型: 0x0000 ('\0')
 设备已关闭


结果文件: g:\DeviceLink\tests\DeviceLink.Tests.PS02\TestResults\gsl940_GSL940A_2026-07-07_12_22_42.trx

失败!  - 失败:    14，通过:    63，已跳过:     0，总计:    77，持续时间: 9 m 31 s - DeviceLink.Tests.PS02.dll (net6.0)

有可用的工作负载更新。有关详细信息，请运行 `dotnet workload list`。
